// Jest Snapshot v1, https://goo.gl/fbAQLP

exports[`Render should render component 1`] = `
<Fragment>
  <Component>
    <Component
      title="Feed"
    >
      <div
        className="gf"
      >
        <Component
          width={5}
        >
          Feed url
        </Component>
        <input
          onChange={[Function]}
          value="some/url"
        />
      </div>
    </Component>
  </Component>
</Fragment>
`;
